// Vitest Snapshot v1, https://vitest.dev/guide/snapshot.html

exports[`render BalloonToLeft 1`] = `
<div
  className="_balloon_8e700f"
/>
`;
